[www.templatemonsterpreview.com/es/demo/51557c19d.html]
[backblue.gif]
[fade.gif]
[index.html]
[s3sf.tmimgcdn.com/apple-touch-icon.png]
[s3sf.tmimgcdn.com/favicon-32x32.png]
[s3sf.tmimgcdn.com/favicon-16x16.png]
[s3sf.tmimgcdn.com/plasma-platform.spa.chunk.23ccdef5d231cf5f6e79.css]
[s3sf.tmimgcdn.com/index.spa.chunk.f79b2cb2e0575fac0d34.css]
[s3sf.tmimgcdn.com/page_livedemo.spa.chunk.4069d28020108479e626.css]
[s3sf.tmimgcdn.com/javascript/fontloader.min.js]
[s3sf.tmimgcdn.com/runtime.spa.bundle.9fb5d7dcba6668f061fb.js]
[s3sf.tmimgcdn.com/plasma-platform.spa.chunk.6de3546750abeb6e1227.js]
[s3sf.tmimgcdn.com/vendor.spa.chunk.7bc87b710ba5dcb948ef.js]
[s3sf.tmimgcdn.com/index.spa.chunk.28a24f0dbb0ab3e13c32.js]
[s3sf.tmimgcdn.com/component_promotions.spa.chunk.a2b2aa0fe9febc349a45.js]
[s3sf.tmimgcdn.com/vendors_page_cart_page_livedemo.spa.chunk.cb8f17544936ad6b31ee.js]
[www.templatemonsterpreview.com/es/demo/51557c19d.html]
[www.googletagmanager.com/gtm5445.html]
[s3sf.tmimgcdn.com/plasma-platform.spa.chunk.23ccdef5d231cf5f6e79.css]
[s3sf.tmimgcdn.com/page_livedemo.spa.chunk.5a7c9b5b2a84a386fbff.js]
[s3sf.tmimgcdn.com/fonts/pt_sans-cyrillic-regular.aba42a7cbbfaa4095357fa4af1592dbc.woff2]
[s3sf.tmimgcdn.com/index.spa.chunk.f79b2cb2e0575fac0d34.css]
[s3sf.tmimgcdn.com/page_livedemo.spa.chunk.4069d28020108479e626.css]
[s3sf.tmimgcdn.com/4af8abcc11a98106bf93ee86e42dc2e1.svg]
[s3sf.tmimgcdn.com/4af8abcc11a98106bf93ee86e42dc2e1.svg]
